// Jest Snapshot v1, https://goo.gl/fbAQLP

exports[`<ItemProfile /> renders with correct data 1`] = `
<h2>
  dogs are best
</h2>
`;

exports[`<ItemProfile /> renders with correct data 2`] = `
<img
  alt="dogs are best"
  src="dog.jpg"
/>
`;

exports[`<ItemProfile /> renders with correct data 3`] = `
<p>
  dogs
</p>
`;
