// Jest Snapshot v1, https://goo.gl/fbAQLP

exports[`<UserPermissions /> renders and matches the snapsot 1`] = `
<tr
  data-test="permissions-row"
>
  <td>
    Miss Coleman Berge
  </td>
  <td>
    Delmer.Smith@yahoo.com
  </td>
  <td
    key="0"
  >
    <label
      htmlFor="4234-permission-ADMIN"
    >
      <input
        checked={true}
        disabled={false}
        id="4234-permission-ADMIN"
        onChange={[Function]}
        type="checkbox"
        value="ADMIN"
      />
    </label>
  </td>
  <td
    key="1"
  >
    <label
      htmlFor="4234-permission-USER"
    >
      <input
        checked={true}
        disabled={false}
        id="4234-permission-USER"
        onChange={[Function]}
        type="checkbox"
        value="USER"
      />
    </label>
  </td>
  <td
    key="2"
  >
    <label
      htmlFor="4234-permission-ITEMCREATE"
    >
      <input
        checked={false}
        disabled={false}
        id="4234-permission-ITEMCREATE"
        onChange={[Function]}
        type="checkbox"
        value="ITEMCREATE"
      />
    </label>
  </td>
  <td
    key="3"
  >
    <label
      htmlFor="4234-permission-ITEMUPDATE"
    >
      <input
        checked={false}
        disabled={false}
        id="4234-permission-ITEMUPDATE"
        onChange={[Function]}
        type="checkbox"
        value="ITEMUPDATE"
      />
    </label>
  </td>
  <td
    key="4"
  >
    <label
      htmlFor="4234-permission-ITEMDELETE"
    >
      <input
        checked={false}
        disabled={false}
        id="4234-permission-ITEMDELETE"
        onChange={[Function]}
        type="checkbox"
        value="ITEMDELETE"
      />
    </label>
  </td>
  <td
    key="5"
  >
    <label
      htmlFor="4234-permission-PERMISSIONUPDATE"
    >
      <input
        checked={false}
        disabled={false}
        id="4234-permission-PERMISSIONUPDATE"
        onChange={[Function]}
        type="checkbox"
        value="PERMISSIONUPDATE"
      />
    </label>
  </td>
  <td>
    <SickButton
      data-test="update-button"
      disabled={false}
      onClick={[Function]}
      type="button"
    >
      <button
        className="SickButton-epeo8a-0 hDvtOo"
        data-test="update-button"
        disabled={false}
        onClick={[Function]}
        type="button"
      >
        Updat
        e
      </button>
    </SickButton>
  </td>
</tr>
`;
